SQL> connect c##nora02/nora02;
Connected.
SQL> CREATE OR REPLACE PACKAGE p9q1_package IS
  2       PROCEDURE customer_insert(p_c_last VARCHAR2, p_c_adress VARCHAR2);
  3       PROCEDURE customer_insert(p_c_last VARCHAR2, p_c_birthdate date);
  4       PROCEDURE customer_insert(p_c_last VARCHAR2, p_c_first VARCHAR2, p_c_birthdate date);
  5       PROCEDURE customer_insert(p_c_id NUMBER, p_c_last VARCHAR2, p_c_birthdate date);
  6  END;
  7  /

Package created.

SQL> CREATE SEQUENCE c_id_seq START WITH 7;

Sequence created.

SQL> CREATE OR REPLACE PACKAGE BODY p9q1_package IS
  2       PROCEDURE customer_insert(p_c_last VARCHAR2, p_c_address VARCHAR2) AS
  3       BEGIN
  4            INSERT INTO customer (c_id, c_last, c_address)
  5            VALUES (c_id_seq.NEXTVAL, p_c_last, p_c_address);
  6            COMMIT;
  7       END;
  8  
  9       PROCEDURE customer_insert(p_c_last VARCHAR2, p_c_birthdate date) AS
 10       BEGIN
 11            INSERT INTO customer (c_id, c_last, c_birthdate)
 12            VALUES (c_id_seq.NEXTVAL, p_c_last, p_c_birthdate );
 13            COMMIT;
 14       END;
 15  
 16       PROCEDURE customer_insert(p_c_last VARCHAR2, p_c_first VARCHAR2, p_c_birthdate date) AS
 17       BEGIN
 18            INSERT INTO customer (c_id, c_last, c_first, c_birthdate)
 19            VALUES (c_id_seq.NEXTVAL, p_c_last, p_c_first, p_c_birthdate );
 20            COMMIT;
 21       END;
 22  
 23       PROCEDURE customer_insert(p_c_id NUMBER, p_c_last VARCHAR2, p_c_birthdate date) AS
 24       BEGIN
 25            INSERT INTO customer (c_id, c_last, c_first, c_birthdate)
 26            VALUES ((p_c_id, p_c_last, p_c_birthdate );
 27            COMMIT;
 28       END;
 29  END;
 30  /

Warning: Package Body created with compilation errors.

SQL> show error
Errors for PACKAGE BODY P9Q1_PACKAGE:

LINE/COL ERROR                                                                  
-------- -----------------------------------------------------------------      
25/11    PL/SQL: SQL Statement ignored                                          
26/26    PL/SQL: ORA-00907: missing right parenthesis                           
SQL> CREATE OR REPLACE PACKAGE BODY p9q1_package IS
  2       PROCEDURE customer_insert(p_c_last VARCHAR2, p_c_address VARCHAR2) AS
  3       BEGIN
  4            INSERT INTO customer (c_id, c_last, c_address)
  5            VALUES (c_id_seq.NEXTVAL, p_c_last, p_c_address);
  6            COMMIT;
  7       END;
  8  
  9       PROCEDURE customer_insert(p_c_last VARCHAR2, p_c_birthdate date) AS
 10       BEGIN
 11            INSERT INTO customer (c_id, c_last, c_birthdate)
 12            VALUES (c_id_seq.NEXTVAL, p_c_last, p_c_birthdate );
 13            COMMIT;
 14       END;
 15  
 16       PROCEDURE customer_insert(p_c_last VARCHAR2, p_c_first VARCHAR2, p_c_birthdate date) AS
 17       BEGIN
 18            INSERT INTO customer (c_id, c_last, c_first, c_birthdate)
 19            VALUES (c_id_seq.NEXTVAL, p_c_last, p_c_first, p_c_birthdate );
 20            COMMIT;
 21       END;
 22  
 23       PROCEDURE customer_insert(p_c_id NUMBER, p_c_last VARCHAR2, p_c_birthdate date) AS
 24       BEGIN
 25            INSERT INTO customer (c_id, c_last, c_first, c_birthdate)
 26            VALUES (p_c_id, p_c_last, p_c_birthdate);
 27            COMMIT;
 28       END;
 29  END;
 30  /

Warning: Package Body created with compilation errors.

SQL> show error
Errors for PACKAGE BODY P9Q1_PACKAGE:

LINE/COL ERROR                                                                  
-------- -----------------------------------------------------------------      
25/11    PL/SQL: SQL Statement ignored                                          
26/11    PL/SQL: ORA-00947: not enough values                                   
SQL> CREATE OR REPLACE PACKAGE BODY p9q1_package IS
  2       PROCEDURE customer_insert(p_c_last VARCHAR2, p_c_address VARCHAR2) AS
  3       BEGIN
  4            INSERT INTO customer (c_id, c_last, c_address)
  5            VALUES (c_id_seq.NEXTVAL, p_c_last, p_c_address);
  6            COMMIT;
  7       END;
  8  
  9       PROCEDURE customer_insert(p_c_last VARCHAR2, p_c_birthdate date) AS
 10       BEGIN
 11            INSERT INTO customer (c_id, c_last, c_birthdate)
 12            VALUES (c_id_seq.NEXTVAL, p_c_last, p_c_birthdate );
 13            COMMIT;
 14       END;
 15  
 16       PROCEDURE customer_insert(p_c_last VARCHAR2, p_c_first VARCHAR2, p_c_birthdate date) AS
 17       BEGIN
 18            INSERT INTO customer (c_id, c_last, c_first, c_birthdate)
 19            VALUES (c_id_seq.NEXTVAL, p_c_last, p_c_first, p_c_birthdate );
 20            COMMIT;
 21       END;
 22  
 23       PROCEDURE customer_insert(p_c_id NUMBER, p_c_last VARCHAR2, p_c_birthdate date) AS
 24       BEGIN
 25            INSERT INTO customer (c_id, c_last, c_birthdate)
 26            VALUES (p_c_id, p_c_last, p_c_birthdate);
 27            COMMIT;
 28       END;
 29  END;
 30  /

Warning: Package Body created with compilation errors.

SQL> show error
Errors for PACKAGE BODY P9Q1_PACKAGE:

LINE/COL ERROR                                                                  
-------- -----------------------------------------------------------------      
2/16     PLS-00323: subprogram or cursor 'CUSTOMER_INSERT' is declared in       
         a package specification and must be defined in the package body        
                                                                                
SQL> CREATE OR REPLACE PACKAGE p9q1_package IS
  2       PROCEDURE customer_insert(p_c_last VARCHAR2, p_c_address VARCHAR2);
  3       PROCEDURE customer_insert(p_c_last VARCHAR2, p_c_birthdate date);
  4       PROCEDURE customer_insert(p_c_last VARCHAR2, p_c_first VARCHAR2, p_c_birthdate date);
  5       PROCEDURE customer_insert(p_c_id NUMBER, p_c_last VARCHAR2, p_c_birthdate date);
  6  END;
  7  /

Package created.

SQL> CREATE OR REPLACE PACKAGE BODY p9q1_package IS
  2       PROCEDURE customer_insert(p_c_last VARCHAR2, p_c_address VARCHAR2) AS
  3       BEGIN
  4            INSERT INTO customer (c_id, c_last, c_address)
  5            VALUES (c_id_seq.NEXTVAL, p_c_last, p_c_address);
  6            COMMIT;
  7       END;
  8  
  9       PROCEDURE customer_insert(p_c_last VARCHAR2, p_c_birthdate date) AS
 10       BEGIN
 11            INSERT INTO customer (c_id, c_last, c_birthdate)
 12            VALUES (c_id_seq.NEXTVAL, p_c_last, p_c_birthdate );
 13            COMMIT;
 14       END;
 15  
 16       PROCEDURE customer_insert(p_c_last VARCHAR2, p_c_first VARCHAR2, p_c_birthdate date) AS
 17       BEGIN
 18            INSERT INTO customer (c_id, c_last, c_first, c_birthdate)
 19            VALUES (c_id_seq.NEXTVAL, p_c_last, p_c_first, p_c_birthdate );
 20            COMMIT;
 21       END;
 22  
 23       PROCEDURE customer_insert(p_c_id NUMBER, p_c_last VARCHAR2, p_c_birthdate date) AS
 24       BEGIN
 25            INSERT INTO customer (c_id, c_last, c_birthdate)
 26            VALUES (p_c_id, p_c_last, p_c_birthdate);
 27            COMMIT;
 28       END;
 29  END;
 30  /

Package body created.

SQL> select c_address from customer;

C_ADDRESS                                                                       
------------------------------                                                  
1156 Water Street, Apt. #3                                                      
2211 Pine Drive                                                                 
699 Pluto St. NW                                                                
987 Durham Rd.                                                                  
4204 Garner Street                                                              
232 Echo Rd.                                                                    

6 rows selected.

SQL> exec p9q1_package.customer_insert(10, 'Duyen', '1234 Sherbrook');
BEGIN p9q1_package.customer_insert(10, 'Duyen', '1234 Sherbrook'); END;

      *
ERROR at line 1:
ORA-06550: line 1, column 7: 
PLS-00307: too many declarations of 'CUSTOMER_INSERT' match this call 
ORA-06550: line 1, column 7: 
PL/SQL: Statement ignored 


SQL> exec p9q1_package.customer_insert('Duyen', '1234 Sherbrook');

PL/SQL procedure successfully completed.

SQL> select c_id, c_last, c_address from customer;

      C_ID C_LAST                         C_ADDRESS                             
---------- ------------------------------ ------------------------------        
         1 Harris                         1156 Water Street, Apt. #3            
         2 Garcia                         2211 Pine Drive                       
         3 Miller                         699 Pluto St. NW                      
         4 Chang                          987 Durham Rd.                        
         5 Edwards                        4204 Garner Street                    
         6 Nelson                         232 Echo Rd.                          
         7 Duyen                          1234 Sherbrook                        

7 rows selected.

SQL> exec p9q1_package.customer_insert('Chohan', 'Nov-17-89');

PL/SQL procedure successfully completed.

SQL> select c_id, c_last, c_birthdate from customer;

      C_ID C_LAST                         C_BIRTHDA                             
---------- ------------------------------ ---------                             
         1 Harris                         09-APR-53                             
         2 Garcia                         14-JUL-58                             
         3 Miller                         05-JAN-36                             
         4 Chang                          01-OCT-76                             
         5 Edwards                        20-NOV-86                             
         6 Nelson                         04-DEC-84                             
         7 Duyen                                                                
         8 Chohan                                                               

8 rows selected.

SQL> delete from customer where c_id = 8;

1 row deleted.

SQL> exec p9q1_package.customer_insert('Chohan', '17-Nov-89');

PL/SQL procedure successfully completed.

SQL> select c_id, c_last, c_birthdate from customer;

      C_ID C_LAST                         C_BIRTHDA                             
---------- ------------------------------ ---------                             
         1 Harris                         09-APR-53                             
         2 Garcia                         14-JUL-58                             
         3 Miller                         05-JAN-36                             
         4 Chang                          01-OCT-76                             
         5 Edwards                        20-NOV-86                             
         6 Nelson                         04-DEC-84                             
         7 Duyen                                                                
         9 Chohan                                                               

8 rows selected.

SQL> delete from customer where c_id = 9;

1 row deleted.

SQL> exec p9q1_package.customer_insert('Chohan',  17-Nov-89);
BEGIN p9q1_package.customer_insert('Chohan',  17-Nov-89); END;

                                                 *
ERROR at line 1:
ORA-06550: line 1, column 50: 
PLS-00201: identifier 'NOV' must be declared 
ORA-06550: line 1, column 7: 
PL/SQL: Statement ignored 


SQL> 
SQL> exec p9q1_package.customer_insert('Chohan',  '17-NOV-89');

PL/SQL procedure successfully completed.

SQL> select c_id, c_last, c_birthdate from customer;

      C_ID C_LAST                         C_BIRTHDA                             
---------- ------------------------------ ---------                             
         1 Harris                         09-APR-53                             
         2 Garcia                         14-JUL-58                             
         3 Miller                         05-JAN-36                             
         4 Chang                          01-OCT-76                             
         5 Edwards                        20-NOV-86                             
         6 Nelson                         04-DEC-84                             
         7 Duyen                                                                
        10 Chohan                                                               

8 rows selected.

SQL> delete from customer where c_id = 10;

1 row deleted.

SQL> exec p9q1_package.customer_insert('Chohan',  to_date('11/14/1988', 'mm/dd/yyyy'));

PL/SQL procedure successfully completed.

SQL> select c_id, c_last, c_birthdate from customer;

      C_ID C_LAST                         C_BIRTHDA                             
---------- ------------------------------ ---------                             
         1 Harris                         09-APR-53                             
         2 Garcia                         14-JUL-58                             
         3 Miller                         05-JAN-36                             
         4 Chang                          01-OCT-76                             
         5 Edwards                        20-NOV-86                             
         6 Nelson                         04-DEC-84                             
         7 Duyen                                                                
        11 Chohan                         14-NOV-88                             

8 rows selected.

SQL> exec p9q1_package.customer_insert('Lu', 'Honglin',  to_date('11/24/1990', 'mm/dd/yyyy'));

PL/SQL procedure successfully completed.

SQL> select c_id, c_last,c_first, c_birthdate from customer;

      C_ID C_LAST                         C_FIRST                               
---------- ------------------------------ ------------------------------        
C_BIRTHDA                                                                       
---------                                                                       
         1 Harris                         Paula                                 
09-APR-53                                                                       
                                                                                
         2 Garcia                         Maria                                 
14-JUL-58                                                                       
                                                                                
         3 Miller                         Lee                                   
05-JAN-36                                                                       
                                                                                

      C_ID C_LAST                         C_FIRST                               
---------- ------------------------------ ------------------------------        
C_BIRTHDA                                                                       
---------                                                                       
         4 Chang                          Alissa                                
01-OCT-76                                                                       
                                                                                
         5 Edwards                        Mitch                                 
20-NOV-86                                                                       
                                                                                
         6 Nelson                         Kyle                                  
04-DEC-84                                                                       
                                                                                

      C_ID C_LAST                         C_FIRST                               
---------- ------------------------------ ------------------------------        
C_BIRTHDA                                                                       
---------                                                                       
         7 Duyen                                                                
                                                                                
                                                                                
        11 Chohan                                                               
14-NOV-88                                                                       
                                                                                
        12 Lu                             Honglin                               
24-NOV-90                                                                       
                                                                                

9 rows selected.

SQL> exec p9q1_package.customer_insert(20, 'Cao',  to_date('01/24/1959', 'mm/dd/yyyy'));

PL/SQL procedure successfully completed.

SQL> 
SQL> select c_id, c_last, c_birthdate from customer;

      C_ID C_LAST                         C_BIRTHDA                             
---------- ------------------------------ ---------                             
         1 Harris                         09-APR-53                             
         2 Garcia                         14-JUL-58                             
         3 Miller                         05-JAN-36                             
         4 Chang                          01-OCT-76                             
         5 Edwards                        20-NOV-86                             
         6 Nelson                         04-DEC-84                             
         7 Duyen                                                                
        11 Chohan                         14-NOV-88                             
        12 Lu                             24-NOV-90                             
        20 Cao                            24-JAN-59                             

10 rows selected.

SQL> connect c##nora03/nora03;
Connected.
SQL> CREATE OR REPLACE PACKAGE p9q2_package IS
  2       PROCEDURE student_insert(p_s_id NUMBER, p_s_last VARCHAR2, p_s_dob date);
  3       PROCEDURE student_insert(p_s_last VARCHAR2, p_s_dob date);
  4       PROCEDURE student_insert(p_s_last VARCHAR2, p_s_address VARCHAR2);
  5       PROCEDURE student_insert(p_s_last VARCHAR2, p_s_first VARCHAR2, p_s_dob date, p_f_id NUMBER);
  6  END;
  7  /

Package created.

SQL> CREATE SEQUENCE student_seq START WITH 7;

Sequence created.

SQL> CREATE OR REPLACE PACKAGE BODY p9q2_package IS
  2       PROCEDURE student_insert(p_s_id NUMBER, p_s_last VARCHAR2, p_s_dob date) AS
  3       v_s_id NUMBER;
  4       BEGIN
  5          SELECT s_id
  6          INTO v_s_id
  7          FROM student
  8          WHERE s_id = p_s_id;
  9  
 10          DBMS_OUTPUT.PUT_LINE('Student Id : ' ||  p_s_id || ' already exits ');
 11      EXCEPTION
 12           WHEN NO_DATA_FOUND THEN
 13              IF p_s_dob < sysdate THEN
 14                  INSERT INTO student(s_id, s_last, s_dob)
 15                  VALUES (p_s_id, p_s_last, p_s_dob);
 16                   COMMIT;
 17             ELSE
 18                   DBMS_OUTPUT.PUT_LINE(' The date of birth is not valid, check again.');
 19       END;
 20  
 21       PROCEDURE student_insert(p_s_last VARCHAR2, p_s_dob date) AS
 22       BEGIN
 23           IF p_s_dob < sysdate THEN
 24               INSERT INTO student(s_id, s_last, s_dob)
 25               VALUES (student_seq.NEXTVAL, p_s_last, p_s_dob);
 26               COMMIT;
 27            ELSE
 28                DBMS_OUTPUT.PUT_LINE(' The date of birth is not valid, check again.');
 29             END IF;
 30        END;
 31  
 32  
 33       PROCEDURE student_insert(p_s_last VARCHAR2, p_s_address VARCHAR2) AS
 34       BEGIN
 35           INSERT INTO student(s_id, s_last, s_address)
 36           VALUES (student_seq.NEXTVAL, p_s_last, p_s_address);
 37           COMMIT;
 38        END;
 39  
 40  
 41       PROCEDURE student_insert(p_s_last VARCHAR2, p_s_first VARCHAR2, p_s_dob date, p_f_id NUMBER) AS
 42       v_f_id NUMBER;
 43       BEGIN
 44            SELECT f_id
 45            INTO v_f_id
 46            FROM faculty
 47            WHERE f_id = p_f_id;
 48  
 49            IF p_s_dob < sysdate THEN
 50                  INSERT INTO student(s_id, s_last, s_first, s_dob, f_id)
 51                  VALUES (student_seq.NEXTVAL, p_s_last, p_s_first, p_s_dob, p_f_id);
 52                   COMMIT;
 53             ELSE
 54                   DBMS_OUTPUT.PUT_LINE(' The date of birth is not valid, check again.');
 55             END IF;
 56  
 57       EXCEPTION
 58           WHEN NO_DATA_FOUND THEN
 59             DBMS_OUTPUT.PUT_LINE('Faculty number : ' ||  p_f_id || ' does not exit. ');
 60        END;
 61  
 62  END;
 63  /

Warning: Package Body created with compilation errors.

SQL> show error
Errors for PACKAGE BODY P9Q2_PACKAGE:

LINE/COL ERROR                                                                  
-------- -----------------------------------------------------------------      
19/9     PLS-00103: Encountered the symbol ";" when expecting one of the        
         following:                                                             
         if                                                                     
                                                                                
62/1     PLS-00103: Encountered the symbol "END" when expecting one of the      
         following:                                                             
         begin function pragma procedure                                        
                                                                                
SQL> CREATE OR REPLACE PACKAGE BODY p9q2_package IS
  2       PROCEDURE student_insert(p_s_id NUMBER, p_s_last VARCHAR2, p_s_dob date) AS
  3       v_s_id NUMBER;
  4       BEGIN
  5          SELECT s_id
  6          INTO v_s_id
  7          FROM student
  8          WHERE s_id = p_s_id;
  9  
 10          DBMS_OUTPUT.PUT_LINE('Student Id : ' ||  p_s_id || ' already exits ');
 11      EXCEPTION
 12           WHEN NO_DATA_FOUND THEN
 13              IF p_s_dob < sysdate THEN
 14                  INSERT INTO student(s_id, s_last, s_dob)
 15                  VALUES (p_s_id, p_s_last, p_s_dob);
 16                   COMMIT;
 17             ELSE
 18                   DBMS_OUTPUT.PUT_LINE(' The date of birth is not valid, check again.');
 19             END IF;
 20       END;
 21  
 22       PROCEDURE student_insert(p_s_last VARCHAR2, p_s_dob date) AS
 23       BEGIN
 24           IF p_s_dob < sysdate THEN
 25               INSERT INTO student(s_id, s_last, s_dob)
 26               VALUES (student_seq.NEXTVAL, p_s_last, p_s_dob);
 27               COMMIT;
 28            ELSE
 29                DBMS_OUTPUT.PUT_LINE(' The date of birth is not valid, check again.');
 30             END IF;
 31        END;
 32  
 33  
 34       PROCEDURE student_insert(p_s_last VARCHAR2, p_s_address VARCHAR2) AS
 35       BEGIN
 36           INSERT INTO student(s_id, s_last, s_address)
 37           VALUES (student_seq.NEXTVAL, p_s_last, p_s_address);
 38           COMMIT;
 39        END;
 40  
 41  
 42       PROCEDURE student_insert(p_s_last VARCHAR2, p_s_first VARCHAR2, p_s_dob date, p_f_id NUMBER) AS
 43       v_f_id NUMBER;
 44       BEGIN
 45            SELECT f_id
 46            INTO v_f_id
 47            FROM faculty
 48            WHERE f_id = p_f_id;
 49  
 50            IF p_s_dob < sysdate THEN
 51                  INSERT INTO student(s_id, s_last, s_first, s_dob, f_id)
 52                  VALUES (student_seq.NEXTVAL, p_s_last, p_s_first, p_s_dob, p_f_id);
 53                   COMMIT;
 54             ELSE
 55                   DBMS_OUTPUT.PUT_LINE(' The date of birth is not valid, check again.');
 56             END IF;
 57  
 58       EXCEPTION
 59           WHEN NO_DATA_FOUND THEN
 60             DBMS_OUTPUT.PUT_LINE('Faculty number : ' ||  p_f_id || ' does not exit. ');
 61        END;
 62  
 63  END;
 64  /

Package body created.

SQL> set serveroutput on
SQL> exec p9q2_package.student_insert(9, 'Lu', to_date('11/24/1990', 'mm/dd/yyyy') );

PL/SQL procedure successfully completed.

SQL> select s_id, s_last, s_dob from student;

      S_ID S_LAST                         S_DOB                                 
---------- ------------------------------ ---------                             
         9 Lu                             24-NOV-90                             
         1 Miller                         14-JUL-85                             
         2 Umato                          19-AUG-85                             
         3 Black                          10-OCT-82                             
         4 Mobley                         24-SEP-86                             
         5 Sanchez                        20-NOV-86                             
         6 Connoly                        04-DEC-86                             

7 rows selected.

SQL> exec p9q2_package.student_insert(2, 'Lu', to_date('11/24/1990', 'mm/dd/yyyy') );
Student Id : 2 already exits                                                    

PL/SQL procedure successfully completed.

SQL> exec p9q2_package.student_insert(10, 'Lu', to_date('11/24/2090', 'mm/dd/yyyy') );
The date of birth is not valid, check again.                                    

PL/SQL procedure successfully completed.

SQL> exec p9q2_package.student_insert('Chohan', to_date('10/24/1990', 'mm/dd/yyyy') );

PL/SQL procedure successfully completed.

SQL> select s_id, s_last, s_dob from student;

      S_ID S_LAST                         S_DOB                                 
---------- ------------------------------ ---------                             
         9 Lu                             24-NOV-90                             
         7 Chohan                         24-OCT-90                             
         1 Miller                         14-JUL-85                             
         2 Umato                          19-AUG-85                             
         3 Black                          10-OCT-82                             
         4 Mobley                         24-SEP-86                             
         5 Sanchez                        20-NOV-86                             
         6 Connoly                        04-DEC-86                             

8 rows selected.

SQL> exec p9q2_package.student_insert('Chohan', to_date('10/24/2090', 'mm/dd/yyyy') );
The date of birth is not valid, check again.                                    

PL/SQL procedure successfully completed.

SQL> exec p9q2_package.student_insert('Cao', '2345 Saint Michiel');

PL/SQL procedure successfully completed.

SQL> select s_id, s_last, s_address from student;

      S_ID S_LAST                         S_ADDRESS                             
---------- ------------------------------ -------------------------             
         9 Lu                                                                   
         7 Chohan                                                               
         8 Cao                            2345 Saint Michiel                    
         1 Miller                         144 Windridge Blvd.                   
         2 Umato                          454 St. John's Place                  
         3 Black                          8921 Circle Drive                     
         4 Mobley                         1716 Summit St.                       
         5 Sanchez                        1780 Samantha Court                   
         6 Connoly                        1818 Silver Street                    

9 rows selected.

SQL> exec p9q2_package.student_insert('Mary', 'Brown', to_date('09/14/1980', 'mm/dd/yyyy'), 10);
Faculty number : 10 does not exit.                                              

PL/SQL procedure successfully completed.

SQL> exec p9q2_package.student_insert('Mary', 'Brown', to_date('09/14/1980', 'mm/dd/yyyy'), 1);
BEGIN p9q2_package.student_insert('Mary', 'Brown', to_date('09/14/1980', 'mm/dd/yyyy'), 1); END;

*
ERROR at line 1:
ORA-00001: unique constraint (C##NORA03.STUDENT_S_ID_PK) violated 
ORA-06512: at "C##NORA03.P9Q2_PACKAGE", line 51 
ORA-06512: at line 1 


SQL> exec p9q2_package.student_insert('Mary', 'Brown', to_date('09/14/2080', 'mm/dd/yyyy'), 1);
The date of birth is not valid, check again.                                    

PL/SQL procedure successfully completed.

SQL> exec p9q2_package.student_insert('Mary', 'Brown', to_date('09/14/1980', 'mm/dd/yyyy'), 2);

PL/SQL procedure successfully completed.

SQL> select s
  2  
SQL> select s_id, s_last, s_first, s_dob, f_id from student;

      S_ID S_LAST                         S_FIRST                               
---------- ------------------------------ ------------------------------        
S_DOB           F_ID                                                            
--------- ----------                                                            
         9 Lu                                                                   
24-NOV-90                                                                       
                                                                                
         7 Chohan                                                               
24-OCT-90                                                                       
                                                                                
         8 Cao                                                                  
                                                                                
                                                                                

      S_ID S_LAST                         S_FIRST                               
---------- ------------------------------ ------------------------------        
S_DOB           F_ID                                                            
--------- ----------                                                            
        10 Mary                           Brown                                 
14-SEP-80          2                                                            
                                                                                
         1 Miller                         Sarah                                 
14-JUL-85          1                                                            
                                                                                
         2 Umato                          Brian                                 
19-AUG-85          1                                                            
                                                                                

      S_ID S_LAST                         S_FIRST                               
---------- ------------------------------ ------------------------------        
S_DOB           F_ID                                                            
--------- ----------                                                            
         3 Black                          Daniel                                
10-OCT-82          1                                                            
                                                                                
         4 Mobley                         Amanda                                
24-SEP-86          2                                                            
                                                                                
         5 Sanchez                        Ruben                                 
20-NOV-86          4                                                            
                                                                                

      S_ID S_LAST                         S_FIRST                               
---------- ------------------------------ ------------------------------        
S_DOB           F_ID                                                            
--------- ----------                                                            
         6 Connoly                        Michael                               
04-DEC-86          3                                                            
                                                                                

10 rows selected.

SQL> exec p9q2_package.student_insert('Helen', 'Thomas', to_date('09/04/1980', 'mm/dd/yyyy'), 1);

PL/SQL procedure successfully completed.

SQL> select s_id, s_last, s_first, s_dob, f_id from student;

      S_ID S_LAST                         S_FIRST                               
---------- ------------------------------ ------------------------------        
S_DOB           F_ID                                                            
--------- ----------                                                            
         9 Lu                                                                   
24-NOV-90                                                                       
                                                                                
         7 Chohan                                                               
24-OCT-90                                                                       
                                                                                
         8 Cao                                                                  
                                                                                
                                                                                

      S_ID S_LAST                         S_FIRST                               
---------- ------------------------------ ------------------------------        
S_DOB           F_ID                                                            
--------- ----------                                                            
        10 Mary                           Brown                                 
14-SEP-80          2                                                            
                                                                                
        11 Helen                          Thomas                                
04-SEP-80          1                                                            
                                                                                
         1 Miller                         Sarah                                 
14-JUL-85          1                                                            
                                                                                

      S_ID S_LAST                         S_FIRST                               
---------- ------------------------------ ------------------------------        
S_DOB           F_ID                                                            
--------- ----------                                                            
         2 Umato                          Brian                                 
19-AUG-85          1                                                            
                                                                                
         3 Black                          Daniel                                
10-OCT-82          1                                                            
                                                                                
         4 Mobley                         Amanda                                
24-SEP-86          2                                                            
                                                                                

      S_ID S_LAST                         S_FIRST                               
---------- ------------------------------ ------------------------------        
S_DOB           F_ID                                                            
--------- ----------                                                            
         5 Sanchez                        Ruben                                 
20-NOV-86          4                                                            
                                                                                
         6 Connoly                        Michael                               
04-DEC-86          3                                                            
                                                                                

11 rows selected.

SQL> spool off
